▶  Build du site…
▶  Build started

   ✓ site/ cleaned
   ✓ static/ copied
   ↓ Icônes de liens externes :
     ⊙ cegibat.grdf.fr  (cache)
     ⊙ centre  (cache)
     ⊙ fr.wikipedia.org  (cache)
     ⊙ www.ademe.fr  (cache)
     ⊙ www.edf.fr  (cache)
     ⊙ www.lemonde.fr  (cache)
     ⊙ www.rte-france.com  (cache)
   ✓ medias/ copied
   ✓ Media map: 77 fichiers indexés
   ✓ Palettes loaded: ['defaut', 'sombre']
   ✓ Templates loaded
   ✓ Catalog: 18 activités, 8 séquences, 5 classes

   Rendering pages:
     ✓ 3eme/s01_les_systemes_automatiques/activite_01_etude_eolienne.html
     ✓ 3eme/s02_conteneur_amenage/activite_01_simuler_les_pertes_thermiques_annuelles.html
     ✓ 4eme/s01_maison_connectee/activite_01_objets_connectes.html
     ✓ 4eme/s01_maison_connectee/activite_02_energie_maison.html
     ✓ 5eme/s01_materiaux_et_structures/activite_01_materiaux.html
     ✓ 5eme/s01_materiaux_et_structures/activite_02_structures.html
     ✓ Documents/Fiches de cours/fiches_de_cours.html
     ✓ entrainement/Besoin_et_cahier_des_charges/Portail_automatique.html
     ✓ entrainement/Besoin_et_cahier_des_charges/Tramway.html
     ✓ entrainement/Chaines_fonctionnelles/Avion_radiocommandé.html
     ✓ entrainement/Chaines_fonctionnelles/Avion_solaire.html
     ✓ entrainement/Chaines_fonctionnelles/Filtration_piscine.html
     ✓ entrainement/Chaines_fonctionnelles/Hydrolienne.html
     ✓ entrainement/Chaines_fonctionnelles/Machine_a_pain.html
     ✓ entrainement/Chaines_fonctionnelles/Rover_martien.html
     ✓ entrainement/Chaines_fonctionnelles/schema.html
     ✓ entrainement/Chaines_fonctionnelles/Trottinette_electrique.html
     ✓ entrainement/Test_verifia/Test_verifia.html

   ✓ index.html
   ✓ pages/ copied (2 files)

✔  Build complete — 18 pages written to site/

✓  Base de données prête (data.db)
✓  Mot de passe admin : admin
✓  Comptes élèves : lancer seed_test.py pour créer dede01–dede20
▶  Serveur démarré sur http://127.0.0.1:5000

 * Serving Flask app 'server'
 * Debug mode: on
▶  Build du site…
▶  Build started

   ✓ site/ cleaned
   ✓ static/ copied
   ↓ Icônes de liens externes :
     ⊙ cegibat.grdf.fr  (cache)
     ⊙ centre  (cache)
     ⊙ fr.wikipedia.org  (cache)
     ⊙ www.ademe.fr  (cache)
     ⊙ www.edf.fr  (cache)
     ⊙ www.lemonde.fr  (cache)
     ⊙ www.rte-france.com  (cache)
   ✓ medias/ copied
   ✓ Media map: 77 fichiers indexés
   ✓ Palettes loaded: ['defaut', 'sombre']
   ✓ Templates loaded
   ✓ Catalog: 18 activités, 8 séquences, 5 classes

   Rendering pages:
     ✓ 3eme/s01_les_systemes_automatiques/activite_01_etude_eolienne.html
     ✓ 3eme/s02_conteneur_amenage/activite_01_simuler_les_pertes_thermiques_annuelles.html
     ✓ 4eme/s01_maison_connectee/activite_01_objets_connectes.html
     ✓ 4eme/s01_maison_connectee/activite_02_energie_maison.html
     ✓ 5eme/s01_materiaux_et_structures/activite_01_materiaux.html
     ✓ 5eme/s01_materiaux_et_structures/activite_02_structures.html
     ✓ Documents/Fiches de cours/fiches_de_cours.html
     ✓ entrainement/Besoin_et_cahier_des_charges/Portail_automatique.html
     ✓ entrainement/Besoin_et_cahier_des_charges/Tramway.html
     ✓ entrainement/Chaines_fonctionnelles/Avion_radiocommandé.html
     ✓ entrainement/Chaines_fonctionnelles/Avion_solaire.html
     ✓ entrainement/Chaines_fonctionnelles/Filtration_piscine.html
     ✓ entrainement/Chaines_fonctionnelles/Hydrolienne.html
     ✓ entrainement/Chaines_fonctionnelles/Machine_a_pain.html
     ✓ entrainement/Chaines_fonctionnelles/Rover_martien.html
     ✓ entrainement/Chaines_fonctionnelles/schema.html
     ✓ entrainement/Chaines_fonctionnelles/Trottinette_electrique.html
     ✓ entrainement/Test_verifia/Test_verifia.html

   ✓ index.html
   ✓ pages/ copied (2 files)

✔  Build complete — 18 pages written to site/

✓  Base de données prête (data.db)
✓  Mot de passe admin : admin
✓  Comptes élèves : lancer seed_test.py pour créer dede01–dede20
▶  Serveur démarré sur http://127.0.0.1:5000

▶  Build du site…
▶  Build started

   ✓ site/ cleaned
   ✓ static/ copied
   ↓ Icônes de liens externes :
     ⊙ cegibat.grdf.fr  (cache)
     ⊙ centre  (cache)
     ⊙ fr.wikipedia.org  (cache)
     ⊙ www.ademe.fr  (cache)
     ⊙ www.edf.fr  (cache)
     ⊙ www.lemonde.fr  (cache)
     ⊙ www.rte-france.com  (cache)
   ✓ medias/ copied
   ✓ Media map: 77 fichiers indexés
   ✓ Palettes loaded: ['defaut', 'sombre']
   ✓ Templates loaded
   ✓ Catalog: 18 activités, 8 séquences, 5 classes

   Rendering pages:
     ✓ 3eme/s01_les_systemes_automatiques/activite_01_etude_eolienne.html
     ✓ 3eme/s02_conteneur_amenage/activite_01_simuler_les_pertes_thermiques_annuelles.html
     ✓ 4eme/s01_maison_connectee/activite_01_objets_connectes.html
     ✓ 4eme/s01_maison_connectee/activite_02_energie_maison.html
     ✓ 5eme/s01_materiaux_et_structures/activite_01_materiaux.html
     ✓ 5eme/s01_materiaux_et_structures/activite_02_structures.html
     ✓ Documents/Fiches de cours/fiches_de_cours.html
     ✓ entrainement/Besoin_et_cahier_des_charges/Portail_automatique.html
     ✓ entrainement/Besoin_et_cahier_des_charges/Tramway.html
     ✓ entrainement/Chaines_fonctionnelles/Avion_radiocommandé.html
     ✓ entrainement/Chaines_fonctionnelles/Avion_solaire.html
     ✓ entrainement/Chaines_fonctionnelles/Filtration_piscine.html
     ✓ entrainement/Chaines_fonctionnelles/Hydrolienne.html
     ✓ entrainement/Chaines_fonctionnelles/Machine_a_pain.html
     ✓ entrainement/Chaines_fonctionnelles/Rover_martien.html
     ✓ entrainement/Chaines_fonctionnelles/schema.html
     ✓ entrainement/Chaines_fonctionnelles/Trottinette_electrique.html
     ✓ entrainement/Test_verifia/Test_verifia.html

   ✓ index.html
   ✓ pages/ copied (2 files)

✔  Build complete — 18 pages written to site/

✓  Base de données prête (data.db)
✓  Mot de passe admin : admin
✓  Comptes élèves : lancer seed_test.py pour créer dede01–dede20
▶  Serveur démarré sur http://127.0.0.1:5000

▶  Build du site…
▶  Build started

   ✓ site/ cleaned
   ✓ static/ copied
   ↓ Icônes de liens externes :
     ⊙ cegibat.grdf.fr  (cache)
     ⊙ centre  (cache)
     ⊙ fr.wikipedia.org  (cache)
     ⊙ www.ademe.fr  (cache)
     ⊙ www.edf.fr  (cache)
     ⊙ www.lemonde.fr  (cache)
     ⊙ www.rte-france.com  (cache)
   ✓ medias/ copied
   ✓ Media map: 77 fichiers indexés
   ✓ Palettes loaded: ['defaut', 'sombre']
   ✓ Templates loaded
   ✓ Catalog: 18 activités, 8 séquences, 5 classes

   Rendering pages:
     ✓ 3eme/s01_les_systemes_automatiques/activite_01_etude_eolienne.html
     ✓ 3eme/s02_conteneur_amenage/activite_01_simuler_les_pertes_thermiques_annuelles.html
     ✓ 4eme/s01_maison_connectee/activite_01_objets_connectes.html
     ✓ 4eme/s01_maison_connectee/activite_02_energie_maison.html
     ✓ 5eme/s01_materiaux_et_structures/activite_01_materiaux.html
     ✓ 5eme/s01_materiaux_et_structures/activite_02_structures.html
     ✓ Documents/Fiches de cours/fiches_de_cours.html
     ✓ entrainement/Besoin_et_cahier_des_charges/Portail_automatique.html
     ✓ entrainement/Besoin_et_cahier_des_charges/Tramway.html
     ✓ entrainement/Chaines_fonctionnelles/Avion_radiocommandé.html
     ✓ entrainement/Chaines_fonctionnelles/Avion_solaire.html
     ✓ entrainement/Chaines_fonctionnelles/Filtration_piscine.html
     ✓ entrainement/Chaines_fonctionnelles/Hydrolienne.html
     ✓ entrainement/Chaines_fonctionnelles/Machine_a_pain.html
     ✓ entrainement/Chaines_fonctionnelles/Rover_martien.html
     ✓ entrainement/Chaines_fonctionnelles/schema.html
     ✓ entrainement/Chaines_fonctionnelles/Trottinette_electrique.html
     ✓ entrainement/Test_verifia/Test_verifia.html

   ✓ index.html
   ✓ pages/ copied (2 files)

✔  Build complete — 18 pages written to site/

✓  Base de données prête (data.db)
✓  Mot de passe admin : admin
✓  Comptes élèves : lancer seed_test.py pour créer dede01–dede20
▶  Serveur démarré sur http://127.0.0.1:5000

▶  Build du site…
▶  Build started

   ✓ site/ cleaned
   ✓ static/ copied
   ↓ Icônes de liens externes :
     ⊙ cegibat.grdf.fr  (cache)
     ⊙ centre  (cache)
     ⊙ fr.wikipedia.org  (cache)
     ⊙ www.ademe.fr  (cache)
     ⊙ www.edf.fr  (cache)
     ⊙ www.lemonde.fr  (cache)
     ⊙ www.rte-france.com  (cache)
   ✓ medias/ copied
   ✓ Media map: 77 fichiers indexés
   ✓ Palettes loaded: ['defaut', 'sombre']
   ✓ Templates loaded
   ✓ Catalog: 18 activités, 8 séquences, 5 classes

   Rendering pages:
     ✓ 3eme/s01_les_systemes_automatiques/activite_01_etude_eolienne.html
     ✓ 3eme/s02_conteneur_amenage/activite_01_simuler_les_pertes_thermiques_annuelles.html
     ✓ 4eme/s01_maison_connectee/activite_01_objets_connectes.html
     ✓ 4eme/s01_maison_connectee/activite_02_energie_maison.html
     ✓ 5eme/s01_materiaux_et_structures/activite_01_materiaux.html
     ✓ 5eme/s01_materiaux_et_structures/activite_02_structures.html
     ✓ Documents/Fiches de cours/fiches_de_cours.html
     ✓ entrainement/Besoin_et_cahier_des_charges/Portail_automatique.html
     ✓ entrainement/Besoin_et_cahier_des_charges/Tramway.html
     ✓ entrainement/Chaines_fonctionnelles/Avion_radiocommandé.html
     ✓ entrainement/Chaines_fonctionnelles/Avion_solaire.html
     ✓ entrainement/Chaines_fonctionnelles/Filtration_piscine.html
     ✓ entrainement/Chaines_fonctionnelles/Hydrolienne.html
     ✓ entrainement/Chaines_fonctionnelles/Machine_a_pain.html
     ✓ entrainement/Chaines_fonctionnelles/Rover_martien.html
     ✓ entrainement/Chaines_fonctionnelles/schema.html
     ✓ entrainement/Chaines_fonctionnelles/Trottinette_electrique.html
     ✓ entrainement/Test_verifia/Test_verifia.html

   ✓ index.html
   ✓ pages/ copied (2 files)

✔  Build complete — 18 pages written to site/

✓  Base de données prête (data.db)
✓  Mot de passe admin : admin
✓  Comptes élèves : lancer seed_test.py pour créer dede01–dede20
▶  Serveur démarré sur http://127.0.0.1:5000

▶  Build du site…
▶  Build started

   ✓ site/ cleaned
   ✓ static/ copied
   ↓ Icônes de liens externes :
     ⊙ cegibat.grdf.fr  (cache)
     ⊙ centre  (cache)
     ⊙ fr.wikipedia.org  (cache)
     ⊙ www.ademe.fr  (cache)
     ⊙ www.edf.fr  (cache)
     ⊙ www.lemonde.fr  (cache)
     ⊙ www.rte-france.com  (cache)
   ✓ medias/ copied
   ✓ Media map: 77 fichiers indexés
   ✓ Palettes loaded: ['defaut', 'sombre']
   ✓ Templates loaded
   ✓ Catalog: 18 activités, 8 séquences, 5 classes

   Rendering pages:
     ✓ 3eme/s01_les_systemes_automatiques/activite_01_etude_eolienne.html
     ✓ 3eme/s02_conteneur_amenage/activite_01_simuler_les_pertes_thermiques_annuelles.html
     ✓ 4eme/s01_maison_connectee/activite_01_objets_connectes.html
     ✓ 4eme/s01_maison_connectee/activite_02_energie_maison.html
     ✓ 5eme/s01_materiaux_et_structures/activite_01_materiaux.html
     ✓ 5eme/s01_materiaux_et_structures/activite_02_structures.html
     ✓ Documents/Fiches de cours/fiches_de_cours.html
     ✓ entrainement/Besoin_et_cahier_des_charges/Portail_automatique.html
     ✓ entrainement/Besoin_et_cahier_des_charges/Tramway.html
     ✓ entrainement/Chaines_fonctionnelles/Avion_radiocommandé.html
     ✓ entrainement/Chaines_fonctionnelles/Avion_solaire.html
     ✓ entrainement/Chaines_fonctionnelles/Filtration_piscine.html
     ✓ entrainement/Chaines_fonctionnelles/Hydrolienne.html
     ✓ entrainement/Chaines_fonctionnelles/Machine_a_pain.html
     ✓ entrainement/Chaines_fonctionnelles/Rover_martien.html
     ✓ entrainement/Chaines_fonctionnelles/schema.html
     ✓ entrainement/Chaines_fonctionnelles/Trottinette_electrique.html
     ✓ entrainement/Test_verifia/Test_verifia.html

   ✓ index.html
   ✓ pages/ copied (2 files)

✔  Build complete — 18 pages written to site/

✓  Base de données prête (data.db)
✓  Mot de passe admin : admin
✓  Comptes élèves : lancer seed_test.py pour créer dede01–dede20
▶  Serveur démarré sur http://127.0.0.1:5000

▶  Build du site…
▶  Build started

   ✓ site/ cleaned
   ✓ static/ copied
   ↓ Icônes de liens externes :
     ⊙ cegibat.grdf.fr  (cache)
     ⊙ centre  (cache)
     ⊙ fr.wikipedia.org  (cache)
     ⊙ www.ademe.fr  (cache)
     ⊙ www.edf.fr  (cache)
     ⊙ www.lemonde.fr  (cache)
     ⊙ www.rte-france.com  (cache)
   ✓ medias/ copied
   ✓ Media map: 77 fichiers indexés
   ✓ Palettes loaded: ['defaut', 'sombre']
   ✓ Templates loaded
   ✓ Catalog: 18 activités, 8 séquences, 5 classes

   Rendering pages:
     ✓ 3eme/s01_les_systemes_automatiques/activite_01_etude_eolienne.html
     ✓ 3eme/s02_conteneur_amenage/activite_01_simuler_les_pertes_thermiques_annuelles.html
     ✓ 4eme/s01_maison_connectee/activite_01_objets_connectes.html
     ✓ 4eme/s01_maison_connectee/activite_02_energie_maison.html
     ✓ 5eme/s01_materiaux_et_structures/activite_01_materiaux.html
     ✓ 5eme/s01_materiaux_et_structures/activite_02_structures.html
     ✓ Documents/Fiches de cours/fiches_de_cours.html
     ✓ entrainement/Besoin_et_cahier_des_charges/Portail_automatique.html
     ✓ entrainement/Besoin_et_cahier_des_charges/Tramway.html
     ✓ entrainement/Chaines_fonctionnelles/Avion_radiocommandé.html
     ✓ entrainement/Chaines_fonctionnelles/Avion_solaire.html
     ✓ entrainement/Chaines_fonctionnelles/Filtration_piscine.html
     ✓ entrainement/Chaines_fonctionnelles/Hydrolienne.html
     ✓ entrainement/Chaines_fonctionnelles/Machine_a_pain.html
     ✓ entrainement/Chaines_fonctionnelles/Rover_martien.html
     ✓ entrainement/Chaines_fonctionnelles/schema.html
     ✓ entrainement/Chaines_fonctionnelles/Trottinette_electrique.html
     ✓ entrainement/Test_verifia/Test_verifia.html

   ✓ index.html
   ✓ pages/ copied (2 files)

✔  Build complete — 18 pages written to site/

✓  Base de données prête (data.db)
✓  Mot de passe admin : admin
✓  Comptes élèves : lancer seed_test.py pour créer dede01–dede20
▶  Serveur démarré sur http://127.0.0.1:5000

▶  Build du site…
▶  Build started

   ✓ site/ cleaned
   ✓ static/ copied
   ↓ Icônes de liens externes :
     ⊙ cegibat.grdf.fr  (cache)
     ⊙ centre  (cache)
     ⊙ fr.wikipedia.org  (cache)
     ⊙ www.ademe.fr  (cache)
     ⊙ www.edf.fr  (cache)
     ⊙ www.lemonde.fr  (cache)
     ⊙ www.rte-france.com  (cache)
   ✓ medias/ copied
   ✓ Media map: 77 fichiers indexés
   ✓ Palettes loaded: ['defaut', 'sombre']
   ✓ Templates loaded
   ✓ Catalog: 18 activités, 8 séquences, 5 classes

   Rendering pages:
     ✓ 3eme/s01_les_systemes_automatiques/activite_01_etude_eolienne.html
     ✓ 3eme/s02_conteneur_amenage/activite_01_simuler_les_pertes_thermiques_annuelles.html
     ✓ 4eme/s01_maison_connectee/activite_01_objets_connectes.html
     ✓ 4eme/s01_maison_connectee/activite_02_energie_maison.html
     ✓ 5eme/s01_materiaux_et_structures/activite_01_materiaux.html
     ✓ 5eme/s01_materiaux_et_structures/activite_02_structures.html
     ✓ Documents/Fiches de cours/fiches_de_cours.html
     ✓ entrainement/Besoin_et_cahier_des_charges/Portail_automatique.html
     ✓ entrainement/Besoin_et_cahier_des_charges/Tramway.html
     ✓ entrainement/Chaines_fonctionnelles/Avion_radiocommandé.html
     ✓ entrainement/Chaines_fonctionnelles/Avion_solaire.html
     ✓ entrainement/Chaines_fonctionnelles/Filtration_piscine.html
     ✓ entrainement/Chaines_fonctionnelles/Hydrolienne.html
     ✓ entrainement/Chaines_fonctionnelles/Machine_a_pain.html
     ✓ entrainement/Chaines_fonctionnelles/Rover_martien.html
     ✓ entrainement/Chaines_fonctionnelles/schema.html
     ✓ entrainement/Chaines_fonctionnelles/Trottinette_electrique.html
     ✓ entrainement/Test_verifia/Test_verifia.html

   ✓ index.html
   ✓ pages/ copied (2 files)

✔  Build complete — 18 pages written to site/

✓  Base de données prête (data.db)
✓  Mot de passe admin : admin
✓  Comptes élèves : lancer seed_test.py pour créer dede01–dede20
▶  Serveur démarré sur http://127.0.0.1:5000

▶  Build du site…
▶  Build started

   ✓ site/ cleaned
   ✓ static/ copied
   ↓ Icônes de liens externes :
     ⊙ cegibat.grdf.fr  (cache)
     ⊙ centre  (cache)
     ⊙ fr.wikipedia.org  (cache)
     ⊙ www.ademe.fr  (cache)
     ⊙ www.edf.fr  (cache)
     ⊙ www.lemonde.fr  (cache)
     ⊙ www.rte-france.com  (cache)
   ✓ medias/ copied
   ✓ Media map: 77 fichiers indexés
   ✓ Palettes loaded: ['defaut', 'sombre']
   ✓ Templates loaded
   ✓ Catalog: 18 activités, 8 séquences, 5 classes

   Rendering pages:
     ✓ 3eme/s01_les_systemes_automatiques/activite_01_etude_eolienne.html
     ✓ 3eme/s02_conteneur_amenage/activite_01_simuler_les_pertes_thermiques_annuelles.html
     ✓ 4eme/s01_maison_connectee/activite_01_objets_connectes.html
     ✓ 4eme/s01_maison_connectee/activite_02_energie_maison.html
     ✓ 5eme/s01_materiaux_et_structures/activite_01_materiaux.html
     ✓ 5eme/s01_materiaux_et_structures/activite_02_structures.html
     ✓ Documents/Fiches de cours/fiches_de_cours.html
     ✓ entrainement/Besoin_et_cahier_des_charges/Portail_automatique.html
     ✓ entrainement/Besoin_et_cahier_des_charges/Tramway.html
     ✓ entrainement/Chaines_fonctionnelles/Avion_radiocommandé.html
     ✓ entrainement/Chaines_fonctionnelles/Avion_solaire.html
     ✓ entrainement/Chaines_fonctionnelles/Filtration_piscine.html
     ✓ entrainement/Chaines_fonctionnelles/Hydrolienne.html
     ✓ entrainement/Chaines_fonctionnelles/Machine_a_pain.html
     ✓ entrainement/Chaines_fonctionnelles/Rover_martien.html
     ✓ entrainement/Chaines_fonctionnelles/schema.html
     ✓ entrainement/Chaines_fonctionnelles/Trottinette_electrique.html
     ✓ entrainement/Test_verifia/Test_verifia.html

   ✓ index.html
   ✓ pages/ copied (2 files)

✔  Build complete — 18 pages written to site/

✓  Base de données prête (data.db)
✓  Mot de passe admin : admin
✓  Comptes élèves : lancer seed_test.py pour créer dede01–dede20
▶  Serveur démarré sur http://127.0.0.1:5000

▶  Build du site…
▶  Build started

   ✓ site/ cleaned
   ✓ static/ copied
   ↓ Icônes de liens externes :
     ⊙ cegibat.grdf.fr  (cache)
     ⊙ centre  (cache)
     ⊙ fr.wikipedia.org  (cache)
     ⊙ www.ademe.fr  (cache)
     ⊙ www.edf.fr  (cache)
     ⊙ www.lemonde.fr  (cache)
     ⊙ www.rte-france.com  (cache)
   ✓ medias/ copied
   ✓ Media map: 77 fichiers indexés
   ✓ Palettes loaded: ['defaut', 'sombre']
   ✓ Templates loaded
   ✓ Catalog: 18 activités, 8 séquences, 5 classes

   Rendering pages:
     ✓ 3eme/s01_les_systemes_automatiques/activite_01_etude_eolienne.html
     ✓ 3eme/s02_conteneur_amenage/activite_01_simuler_les_pertes_thermiques_annuelles.html
     ✓ 4eme/s01_maison_connectee/activite_01_objets_connectes.html
     ✓ 4eme/s01_maison_connectee/activite_02_energie_maison.html
     ✓ 5eme/s01_materiaux_et_structures/activite_01_materiaux.html
     ✓ 5eme/s01_materiaux_et_structures/activite_02_structures.html
     ✓ Documents/Fiches de cours/fiches_de_cours.html
     ✓ entrainement/Besoin_et_cahier_des_charges/Portail_automatique.html
     ✓ entrainement/Besoin_et_cahier_des_charges/Tramway.html
     ✓ entrainement/Chaines_fonctionnelles/Avion_radiocommandé.html
     ✓ entrainement/Chaines_fonctionnelles/Avion_solaire.html
     ✓ entrainement/Chaines_fonctionnelles/Filtration_piscine.html
     ✓ entrainement/Chaines_fonctionnelles/Hydrolienne.html
     ✓ entrainement/Chaines_fonctionnelles/Machine_a_pain.html
     ✓ entrainement/Chaines_fonctionnelles/Rover_martien.html
     ✓ entrainement/Chaines_fonctionnelles/schema.html
     ✓ entrainement/Chaines_fonctionnelles/Trottinette_electrique.html
     ✓ entrainement/Test_verifia/Test_verifia.html

   ✓ index.html
   ✓ pages/ copied (2 files)

✔  Build complete — 18 pages written to site/

✓  Base de données prête (data.db)
✓  Mot de passe admin : admin
✓  Comptes élèves : lancer seed_test.py pour créer dede01–dede20
▶  Serveur démarré sur http://127.0.0.1:5000

